m1_N1000       DiskM1WF/Data/mw1_e4.tsv                         OK    (header N, beta, itend, replicates; 512 games with total = 50000000000)
m1_N100        DiskM1WF/Data/mw2_e4.tsv                         OK    (header N, beta, itend, replicates; 512 games with total = 50000000000)
m2_N1000       DiskM2WF/Data/dw1_e4.idx                         OK    (512 games: isl, tag, nrep = 10 and total = 50000000000 each)
m2_N100        DiskM2WF/Data/dw2_e4.idx                         OK    (512 games: isl, tag, nrep = 10 and total = 50000000000 each)
f1             PartnersRivals/Data/f1_e4.idx                    OK    (512 games: isl, tag, nrep = 10 and total = 50000000000 each)
f2             PartnersRivals/Data/f2_e4.idx                    OK    (512 games: isl, tag, nrep = 10 and total = 50000000000 each)
dw3            PartnersRivals/Data/dw3_e4.idx                   OK    (512 games: isl, tag, nrep = 10 and total = 50000000000 each)
dw4            PartnersRivals/Data/dw4_e4.idx                   OK    (512 games: isl, tag, nrep = 10 and total = 50000000000 each)
c1             PartnersRivals/Data/c1_e4.idx                    OK    (512 games: isl, tag, nrep = 10 and total = 5000000000 each)
c2             PartnersRivals/Data/c2_e4.idx                    OK    (512 games: isl, tag, nrep = 10 and total = 5000000000 each)
c3             PartnersRivals/Data/c3_e4.idx                    OK    (512 games: isl, tag, nrep = 10 and total = 50000000000 each)
c4             PartnersRivals/Data/c4_e4.idx                    OK    (512 games: isl, tag, nrep = 10 and total = 50000000000 each)
eh_e3          PartnersRivals/Data/eh_e3.idx                    OK    (512 games: isl, tag, nrep = 10 and total = 50000000000 each)
eh_e5          PartnersRivals/Data/eh_e5.idx                    OK    (512 games: isl, tag, nrep = 10 and total = 50000000000 each)
el_e3          PartnersRivals/Data/el_e3.idx                    OK    (512 games: isl, tag, nrep = 10 and total = 50000000000 each)
el_e5          PartnersRivals/Data/el_e5.idx                    OK    (512 games: isl, tag, nrep = 10 and total = 50000000000 each)
lm_g0          PartnersRivals1/Cannon/lm/packed/lm_g0_e4.idx    OK    (512 games: isl, tag, nrep = 10 and total = 50000000000 each)
lm_g01         PartnersRivals1/Cannon/lm/packed/lm_g01_e4.idx   OK    (512 games: isl, tag, nrep = 10 and total = 50000000000 each)
lm_g05         PartnersRivals1/Cannon/lm/packed/lm_g05_e4.idx   OK    (512 games: isl, tag, nrep = 10 and total = 50000000000 each)
m1_N1000_ctrl  DiskM1WF/Data/mw1s_e4.tsv                        OK    (header N, beta, itend, replicates; 512 games with total = 500000000)
m1_N100_ctrl   DiskM1WF/Data/mw2s_e4.tsv                        OK    (header N, beta, itend, replicates; 512 games with total = 500000000)
21 of 21 runs consistent with SEEDS.csv
